0 verbose cli /opt/homebrew/Cellar/node/23.11.0/bin/node /opt/homebrew/bin/npm
1 info using npm@10.9.2
2 info using node@v23.11.0
3 silly config load:file:/opt/homebrew/lib/node_modules/npm/npmrc
4 silly config load:file:/Users/theonesysetem/StudioProjects/invitation/.npmrc
5 silly config load:file:/Users/theonesysetem/.npmrc
6 verbose config error loading user config Error: EPERM: operation not permitted, open '/Users/theonesysetem/.npmrc'
6 verbose config     at async open (node:internal/fs/promises:634:25)
6 verbose config     at async readFile (node:internal/fs/promises:1238:14)
6 verbose config     at async #loadFile (/opt/homebrew/lib/node_modules/npm/node_modules/@npmcli/config/lib/index.js:589:5)
6 verbose config     at async Config.load (/opt/homebrew/lib/node_modules/npm/node_modules/@npmcli/config/lib/index.js:250:5)
6 verbose config     at async #load (/opt/homebrew/lib/node_modules/npm/lib/npm.js:98:5)
6 verbose config     at async Npm.load (/opt/homebrew/lib/node_modules/npm/lib/npm.js:80:14)
6 verbose config     at async module.exports (/opt/homebrew/lib/node_modules/npm/lib/cli/entry.js:42:37) {
6 verbose config   errno: -1,
6 verbose config   code: 'EPERM',
6 verbose config   syscall: 'open',
6 verbose config   path: '/Users/theonesysetem/.npmrc'
6 verbose config }
7 silly config load:file:/opt/homebrew/etc/npmrc
8 verbose title npm install
9 verbose argv "install"
10 verbose logfile logs-max:10 dir:/Users/theonesysetem/StudioProjects/invitation/.npm-cache/_logs/2026-07-26T09_49_39_038Z-
11 verbose logfile /Users/theonesysetem/StudioProjects/invitation/.npm-cache/_logs/2026-07-26T09_49_39_038Z-debug-0.log
12 silly logfile done cleaning log files
13 silly packumentCache heap:4345298944 maxSize:1086324736 maxEntrySize:543162368
14 silly idealTree buildDeps
15 silly fetch manifest @fontsource/cormorant-garamond@^5.2.6
16 silly packumentCache full:https://registry.npmjs.org/@fontsource%2fcormorant-garamond cache-miss
17 http fetch GET 200 https://registry.npmjs.org/@fontsource%2fcormorant-garamond 721ms (cache miss)
18 silly packumentCache full:https://registry.npmjs.org/@fontsource%2fcormorant-garamond set size:undefined disposed:false
19 silly fetch manifest @fontsource/manrope@^5.2.6
20 silly packumentCache full:https://registry.npmjs.org/@fontsource%2fmanrope cache-miss
21 http fetch GET 200 https://registry.npmjs.org/@fontsource%2fmanrope 554ms (cache miss)
22 silly packumentCache full:https://registry.npmjs.org/@fontsource%2fmanrope set size:undefined disposed:false
23 silly placeDep ROOT @fontsource/cormorant-garamond@5.3.0 OK for: eman-zeyad-invitation@1.0.0 want: ^5.2.6
24 silly placeDep ROOT @fontsource/manrope@5.3.0 OK for: eman-zeyad-invitation@1.0.0 want: ^5.2.6
25 silly reify moves {}
26 silly audit bulk request {
26 silly audit   '@alloc/quick-lru': [ '5.2.0' ],
26 silly audit   '@babel/runtime': [ '7.29.7' ],
26 silly audit   '@emnapi/runtime': [ '1.11.3' ],
26 silly audit   '@img/colour': [ '1.1.0' ],
26 silly audit   '@img/sharp-darwin-arm64': [ '0.34.5' ],
26 silly audit   '@img/sharp-darwin-x64': [ '0.34.5' ],
26 silly audit   '@img/sharp-libvips-darwin-arm64': [ '1.2.4' ],
26 silly audit   '@img/sharp-libvips-darwin-x64': [ '1.2.4' ],
26 silly audit   '@img/sharp-libvips-linux-arm': [ '1.2.4' ],
26 silly audit   '@img/sharp-libvips-linux-arm64': [ '1.2.4' ],
26 silly audit   '@img/sharp-libvips-linux-ppc64': [ '1.2.4' ],
26 silly audit   '@img/sharp-libvips-linux-riscv64': [ '1.2.4' ],
26 silly audit   '@img/sharp-libvips-linux-s390x': [ '1.2.4' ],
26 silly audit   '@img/sharp-libvips-linux-x64': [ '1.2.4' ],
26 silly audit   '@img/sharp-libvips-linuxmusl-arm64': [ '1.2.4' ],
26 silly audit   '@img/sharp-libvips-linuxmusl-x64': [ '1.2.4' ],
26 silly audit   '@img/sharp-linux-arm': [ '0.34.5' ],
26 silly audit   '@img/sharp-linux-arm64': [ '0.34.5' ],
26 silly audit   '@img/sharp-linux-ppc64': [ '0.34.5' ],
26 silly audit   '@img/sharp-linux-riscv64': [ '0.34.5' ],
26 silly audit   '@img/sharp-linux-s390x': [ '0.34.5' ],
26 silly audit   '@img/sharp-linux-x64': [ '0.34.5' ],
26 silly audit   '@img/sharp-linuxmusl-arm64': [ '0.34.5' ],
26 silly audit   '@img/sharp-linuxmusl-x64': [ '0.34.5' ],
26 silly audit   '@img/sharp-wasm32': [ '0.34.5' ],
26 silly audit   '@img/sharp-win32-arm64': [ '0.34.5' ],
26 silly audit   '@img/sharp-win32-ia32': [ '0.34.5' ],
26 silly audit   '@img/sharp-win32-x64': [ '0.34.5' ],
26 silly audit   '@jridgewell/gen-mapping': [ '0.3.13' ],
26 silly audit   '@jridgewell/resolve-uri': [ '3.1.2' ],
26 silly audit   '@jridgewell/sourcemap-codec': [ '1.5.5' ],
26 silly audit   '@jridgewell/trace-mapping': [ '0.3.31' ],
26 silly audit   '@next/env': [ '15.5.22' ],
26 silly audit   '@next/swc-darwin-arm64': [ '15.5.22' ],
26 silly audit   '@next/swc-darwin-x64': [ '15.5.22' ],
26 silly audit   '@next/swc-linux-arm64-gnu': [ '15.5.22' ],
26 silly audit   '@next/swc-linux-arm64-musl': [ '15.5.22' ],
26 silly audit   '@next/swc-linux-x64-gnu': [ '15.5.22' ],
26 silly audit   '@next/swc-linux-x64-musl': [ '15.5.22' ],
26 silly audit   '@next/swc-win32-arm64-msvc': [ '15.5.22' ],
26 silly audit   '@next/swc-win32-x64-msvc': [ '15.5.22' ],
26 silly audit   '@nodelib/fs.scandir': [ '2.1.5' ],
26 silly audit   '@nodelib/fs.stat': [ '2.0.5' ],
26 silly audit   '@nodelib/fs.walk': [ '1.2.8' ],
26 silly audit   '@swc/helpers': [ '0.5.15' ],
26 silly audit   '@types/node': [ '24.13.3' ],
26 silly audit   '@types/pako': [ '2.0.4' ],
26 silly audit   '@types/raf': [ '3.4.3' ],
26 silly audit   '@types/react': [ '19.2.17' ],
26 silly audit   '@types/react-dom': [ '19.2.3' ],
26 silly audit   '@types/trusted-types': [ '2.0.7' ],
26 silly audit   'ansi-regex': [ '5.0.1' ],
26 silly audit   'ansi-styles': [ '4.3.0' ],
26 silly audit   'any-promise': [ '1.3.0' ],
26 silly audit   anymatch: [ '3.1.3' ],
26 silly audit   arg: [ '5.0.2' ],
26 silly audit   autoprefixer: [ '10.5.4' ],
26 silly audit   'base64-arraybuffer': [ '1.0.2' ],
26 silly audit   'baseline-browser-mapping': [ '2.11.3' ],
26 silly audit   'binary-extensions': [ '2.3.0' ],
26 silly audit   braces: [ '3.0.3' ],
26 silly audit   browserslist: [ '4.28.7' ],
26 silly audit   camelcase: [ '5.3.1' ],
26 silly audit   'camelcase-css': [ '2.0.1' ],
26 silly audit   'caniuse-lite': [ '1.0.30001806' ],
26 silly audit   canvg: [ '3.0.11' ],
26 silly audit   chokidar: [ '3.6.0' ],
26 silly audit   'glob-parent': [ '5.1.2', '6.0.2' ],
26 silly audit   'client-only': [ '0.0.1' ],
26 silly audit   cliui: [ '6.0.0' ],
26 silly audit   'color-convert': [ '2.0.1' ],
26 silly audit   'color-name': [ '1.1.4' ],
26 silly audit   commander: [ '4.1.1' ],
26 silly audit   'core-js': [ '3.49.0' ],
26 silly audit   'css-line-break': [ '2.1.0' ],
26 silly audit   cssesc: [ '3.0.0' ],
26 silly audit   csstype: [ '3.2.3' ],
26 silly audit   decamelize: [ '1.2.0' ],
26 silly audit   'detect-libc': [ '2.1.2' ],
26 silly audit   didyoumean: [ '1.2.2' ],
26 silly audit   dijkstrajs: [ '1.0.3' ],
26 silly audit   dlv: [ '1.1.3' ],
26 silly audit   dompurify: [ '3.4.12' ],
26 silly audit   'electron-to-chromium': [ '1.5.396' ],
26 silly audit   'emoji-regex': [ '8.0.0' ],
26 silly audit   'es-errors': [ '1.3.0' ],
26 silly audit   escalade: [ '3.2.0' ],
26 silly audit   'fast-glob': [ '3.3.3' ],
26 silly audit   'fast-png': [ '6.4.0' ],
26 silly audit   fastq: [ '1.20.1' ],
26 silly audit   fflate: [ '0.8.3' ],
26 silly audit   'fill-range': [ '7.1.1' ],
26 silly audit   'find-up': [ '4.1.0' ],
26 silly audit   'fraction.js': [ '5.3.4' ],
26 silly audit   'framer-motion': [ '11.18.2' ],
26 silly audit   fsevents: [ '2.3.3' ],
26 silly audit   'function-bind': [ '1.1.2' ],
26 silly audit   'get-caller-file': [ '2.0.5' ],
26 silly audit   hasown: [ '2.0.4' ],
26 silly audit   'html-to-image': [ '1.11.13' ],
26 silly audit   html2canvas: [ '1.4.1' ],
26 silly audit   iobuffer: [ '5.4.0' ],
26 silly audit   'is-binary-path': [ '2.1.0' ],
26 silly audit   'is-core-module': [ '2.16.2' ],
26 silly audit   'is-extglob': [ '2.1.1' ],
26 silly audit   'is-fullwidth-code-point': [ '3.0.0' ],
26 silly audit   'is-glob': [ '4.0.3' ],
26 silly audit   'is-number': [ '7.0.0' ],
26 silly audit   jiti: [ '1.21.7' ],
26 silly audit   jspdf: [ '3.0.4' ],
26 silly audit   lilconfig: [ '3.1.3' ],
26 silly audit   'lines-and-columns': [ '1.2.4' ],
26 silly audit   'locate-path': [ '5.0.0' ],
26 silly audit   'lucide-react': [ '0.542.0' ],
26 silly audit   merge2: [ '1.4.1' ],
26 silly audit   micromatch: [ '4.0.8' ],
26 silly audit   'motion-dom': [ '11.18.1' ],
26 silly audit   'motion-utils': [ '11.18.1' ],
26 silly audit   mz: [ '2.7.0' ],
26 silly audit   nanoid: [ '3.3.16' ],
26 silly audit   next: [ '15.5.22' ],
26 silly audit   postcss: [ '8.4.31', '8.5.23' ],
26 silly audit   'node-releases': [ '2.0.51' ],
26 silly audit   'normalize-path': [ '3.0.0' ],
26 silly audit   'object-assign': [ '4.1.1' ],
26 silly audit   'object-hash': [ '3.0.0' ],
26 silly audit   'p-limit': [ '2.3.0' ],
26 silly audit   'p-locate': [ '4.1.0' ],
26 silly audit   'p-try': [ '2.2.0' ],
26 silly audit   pako: [ '2.2.0' ],
26 silly audit   'path-exists': [ '4.0.0' ],
26 silly audit   'path-parse': [ '1.0.7' ],
26 silly audit   'performance-now': [ '2.1.0' ],
26 silly audit   picocolors: [ '1.1.1' ],
26 silly audit   picomatch: [ '2.3.2', '4.0.5' ],
26 silly audit   pify: [ '2.3.0' ],
26 silly audit   pirates: [ '4.0.7' ],
26 silly audit   pngjs: [ '5.0.0' ],
26 silly audit   'postcss-import': [ '15.1.0' ],
26 silly audit   'postcss-js': [ '4.1.0' ],
26 silly audit   'postcss-load-config': [ '6.0.1' ],
26 silly audit   'postcss-nested': [ '6.2.0' ],
26 silly audit   'postcss-selector-parser': [ '6.1.4' ],
26 silly audit   'postcss-value-parser': [ '4.2.0' ],
26 silly audit   qrcode: [ '1.5.4' ],
26 silly audit   'queue-microtask': [ '1.2.3' ],
26 silly audit   raf: [ '3.4.1' ],
26 silly audit   react: [ '19.2.8' ],
26 silly audit   'react-dom': [ '19.2.8' ],
26 silly audit   'read-cache': [ '1.0.0' ],
26 silly audit   readdirp: [ '3.6.0' ],
26 silly audit   'regenerator-runtime': [ '0.13.11' ],
26 silly audit   'require-directory': [ '2.1.1' ],
26 silly audit   'require-main-filename': [ '2.0.0' ],
26 silly audit   resolve: [ '1.22.12' ],
26 silly audit   reusify: [ '1.1.0' ],
26 silly audit   rgbcolor: [ '1.0.1' ],
26 silly audit   'run-parallel': [ '1.2.0' ],
26 silly audit   scheduler: [ '0.27.0' ],
26 silly audit   semver: [ '7.8.5' ],
26 silly audit   'set-blocking': [ '2.0.0' ],
26 silly audit   sharp: [ '0.34.5' ],
26 silly audit   'source-map-js': [ '1.2.1' ],
26 silly audit   'stackblur-canvas': [ '2.7.0' ],
26 silly audit   'string-width': [ '4.2.3' ],
26 silly audit   'strip-ansi': [ '6.0.1' ],
26 silly audit   'styled-jsx': [ '5.1.6' ],
26 silly audit   sucrase: [ '3.35.1' ],
26 silly audit   'supports-preserve-symlinks-flag': [ '1.0.0' ],
26 silly audit   'svg-pathdata': [ '6.0.3' ],
26 silly audit   tailwindcss: [ '3.4.19' ],
26 silly audit   'text-segmentation': [ '1.0.3' ],
26 silly audit   thenify: [ '3.3.1' ],
26 silly audit   'thenify-all': [ '1.6.0' ],
26 silly audit   tinyglobby: [ '0.2.17' ],
26 silly audit   fdir: [ '6.5.0' ],
26 silly audit   'to-regex-range': [ '5.0.1' ],
26 silly audit   'ts-interface-checker': [ '0.1.13' ],
26 silly audit   tslib: [ '2.8.1' ],
26 silly audit   typescript: [ '5.9.3' ],
26 silly audit   'undici-types': [ '7.18.2' ],
26 silly audit   'update-browserslist-db': [ '1.2.3' ],
26 silly audit   'util-deprecate': [ '1.0.2' ],
26 silly audit   utrie: [ '1.0.2' ],
26 silly audit   'which-module': [ '2.0.1' ],
26 silly audit   'wrap-ansi': [ '6.2.0' ],
26 silly audit   y18n: [ '4.0.3' ],
26 silly audit   yargs: [ '15.4.1' ],
26 silly audit   'yargs-parser': [ '18.1.3' ],
26 silly audit   '@fontsource/cormorant-garamond': [ '5.3.0' ],
26 silly audit   '@fontsource/manrope': [ '5.3.0' ]
26 silly audit }
27 verbose reify failed optional dependency /Users/theonesysetem/StudioProjects/invitation/node_modules/@next/swc-win32-x64-msvc
28 silly reify mark deleted [
28 silly reify   '/Users/theonesysetem/StudioProjects/invitation/node_modules/@next/swc-win32-x64-msvc'
28 silly reify ]
29 verbose reify failed optional dependency /Users/theonesysetem/StudioProjects/invitation/node_modules/@next/swc-win32-arm64-msvc
30 silly reify mark deleted [
30 silly reify   '/Users/theonesysetem/StudioProjects/invitation/node_modules/@next/swc-win32-arm64-msvc'
30 silly reify ]
31 verbose reify failed optional dependency /Users/theonesysetem/StudioProjects/invitation/node_modules/@next/swc-linux-x64-musl
32 silly reify mark deleted [
32 silly reify   '/Users/theonesysetem/StudioProjects/invitation/node_modules/@next/swc-linux-x64-musl'
32 silly reify ]
33 verbose reify failed optional dependency /Users/theonesysetem/StudioProjects/invitation/node_modules/@next/swc-linux-x64-gnu
34 silly reify mark deleted [
34 silly reify   '/Users/theonesysetem/StudioProjects/invitation/node_modules/@next/swc-linux-x64-gnu'
34 silly reify ]
35 verbose reify failed optional dependency /Users/theonesysetem/StudioProjects/invitation/node_modules/@next/swc-linux-arm64-musl
36 silly reify mark deleted [
36 silly reify   '/Users/theonesysetem/StudioProjects/invitation/node_modules/@next/swc-linux-arm64-musl'
36 silly reify ]
37 verbose reify failed optional dependency /Users/theonesysetem/StudioProjects/invitation/node_modules/@next/swc-linux-arm64-gnu
38 silly reify mark deleted [
38 silly reify   '/Users/theonesysetem/StudioProjects/invitation/node_modules/@next/swc-linux-arm64-gnu'
38 silly reify ]
39 verbose reify failed optional dependency /Users/theonesysetem/StudioProjects/invitation/node_modules/@next/swc-darwin-x64
40 silly reify mark deleted [
40 silly reify   '/Users/theonesysetem/StudioProjects/invitation/node_modules/@next/swc-darwin-x64'
40 silly reify ]
41 verbose reify failed optional dependency /Users/theonesysetem/StudioProjects/invitation/node_modules/@img/sharp-win32-x64
42 silly reify mark deleted [
42 silly reify   '/Users/theonesysetem/StudioProjects/invitation/node_modules/@img/sharp-win32-x64'
42 silly reify ]
43 verbose reify failed optional dependency /Users/theonesysetem/StudioProjects/invitation/node_modules/@img/sharp-win32-ia32
44 silly reify mark deleted [
44 silly reify   '/Users/theonesysetem/StudioProjects/invitation/node_modules/@img/sharp-win32-ia32'
44 silly reify ]
45 verbose reify failed optional dependency /Users/theonesysetem/StudioProjects/invitation/node_modules/@img/sharp-win32-arm64
46 silly reify mark deleted [
46 silly reify   '/Users/theonesysetem/StudioProjects/invitation/node_modules/@img/sharp-win32-arm64'
46 silly reify ]
47 verbose reify failed optional dependency /Users/theonesysetem/StudioProjects/invitation/node_modules/@img/sharp-wasm32
48 silly reify mark deleted [
48 silly reify   '/Users/theonesysetem/StudioProjects/invitation/node_modules/@img/sharp-wasm32'
48 silly reify ]
49 verbose reify failed optional dependency /Users/theonesysetem/StudioProjects/invitation/node_modules/@emnapi/runtime
50 silly reify mark deleted [
50 silly reify   '/Users/theonesysetem/StudioProjects/invitation/node_modules/@emnapi/runtime'
50 silly reify ]
51 verbose reify failed optional dependency /Users/theonesysetem/StudioProjects/invitation/node_modules/@img/sharp-linuxmusl-x64
52 silly reify mark deleted [
52 silly reify   '/Users/theonesysetem/StudioProjects/invitation/node_modules/@img/sharp-linuxmusl-x64'
52 silly reify ]
53 verbose reify failed optional dependency /Users/theonesysetem/StudioProjects/invitation/node_modules/@img/sharp-linuxmusl-arm64
54 silly reify mark deleted [
54 silly reify   '/Users/theonesysetem/StudioProjects/invitation/node_modules/@img/sharp-linuxmusl-arm64'
54 silly reify ]
55 verbose reify failed optional dependency /Users/theonesysetem/StudioProjects/invitation/node_modules/@img/sharp-linux-x64
56 silly reify mark deleted [
56 silly reify   '/Users/theonesysetem/StudioProjects/invitation/node_modules/@img/sharp-linux-x64'
56 silly reify ]
57 verbose reify failed optional dependency /Users/theonesysetem/StudioProjects/invitation/node_modules/@img/sharp-linux-s390x
58 silly reify mark deleted [
58 silly reify   '/Users/theonesysetem/StudioProjects/invitation/node_modules/@img/sharp-linux-s390x'
58 silly reify ]
59 verbose reify failed optional dependency /Users/theonesysetem/StudioProjects/invitation/node_modules/@img/sharp-linux-riscv64
60 silly reify mark deleted [
60 silly reify   '/Users/theonesysetem/StudioProjects/invitation/node_modules/@img/sharp-linux-riscv64'
60 silly reify ]
61 verbose reify failed optional dependency /Users/theonesysetem/StudioProjects/invitation/node_modules/@img/sharp-linux-ppc64
62 silly reify mark deleted [
62 silly reify   '/Users/theonesysetem/StudioProjects/invitation/node_modules/@img/sharp-linux-ppc64'
62 silly reify ]
63 verbose reify failed optional dependency /Users/theonesysetem/StudioProjects/invitation/node_modules/@img/sharp-linux-arm64
64 silly reify mark deleted [
64 silly reify   '/Users/theonesysetem/StudioProjects/invitation/node_modules/@img/sharp-linux-arm64'
64 silly reify ]
65 verbose reify failed optional dependency /Users/theonesysetem/StudioProjects/invitation/node_modules/@img/sharp-linux-arm
66 silly reify mark deleted [
66 silly reify   '/Users/theonesysetem/StudioProjects/invitation/node_modules/@img/sharp-linux-arm'
66 silly reify ]
67 verbose reify failed optional dependency /Users/theonesysetem/StudioProjects/invitation/node_modules/@img/sharp-libvips-linuxmusl-x64
68 silly reify mark deleted [
68 silly reify   '/Users/theonesysetem/StudioProjects/invitation/node_modules/@img/sharp-libvips-linuxmusl-x64'
68 silly reify ]
69 verbose reify failed optional dependency /Users/theonesysetem/StudioProjects/invitation/node_modules/@img/sharp-libvips-linuxmusl-arm64
70 silly reify mark deleted [
70 silly reify   '/Users/theonesysetem/StudioProjects/invitation/node_modules/@img/sharp-libvips-linuxmusl-arm64'
70 silly reify ]
71 verbose reify failed optional dependency /Users/theonesysetem/StudioProjects/invitation/node_modules/@img/sharp-libvips-linux-x64
72 silly reify mark deleted [
72 silly reify   '/Users/theonesysetem/StudioProjects/invitation/node_modules/@img/sharp-libvips-linux-x64'
72 silly reify ]
73 verbose reify failed optional dependency /Users/theonesysetem/StudioProjects/invitation/node_modules/@img/sharp-libvips-linux-s390x
74 silly reify mark deleted [
74 silly reify   '/Users/theonesysetem/StudioProjects/invitation/node_modules/@img/sharp-libvips-linux-s390x'
74 silly reify ]
75 verbose reify failed optional dependency /Users/theonesysetem/StudioProjects/invitation/node_modules/@img/sharp-libvips-linux-riscv64
76 silly reify mark deleted [
76 silly reify   '/Users/theonesysetem/StudioProjects/invitation/node_modules/@img/sharp-libvips-linux-riscv64'
76 silly reify ]
77 verbose reify failed optional dependency /Users/theonesysetem/StudioProjects/invitation/node_modules/@img/sharp-libvips-linux-ppc64
78 silly reify mark deleted [
78 silly reify   '/Users/theonesysetem/StudioProjects/invitation/node_modules/@img/sharp-libvips-linux-ppc64'
78 silly reify ]
79 verbose reify failed optional dependency /Users/theonesysetem/StudioProjects/invitation/node_modules/@img/sharp-libvips-linux-arm64
80 silly reify mark deleted [
80 silly reify   '/Users/theonesysetem/StudioProjects/invitation/node_modules/@img/sharp-libvips-linux-arm64'
80 silly reify ]
81 verbose reify failed optional dependency /Users/theonesysetem/StudioProjects/invitation/node_modules/@img/sharp-libvips-linux-arm
82 silly reify mark deleted [
82 silly reify   '/Users/theonesysetem/StudioProjects/invitation/node_modules/@img/sharp-libvips-linux-arm'
82 silly reify ]
83 verbose reify failed optional dependency /Users/theonesysetem/StudioProjects/invitation/node_modules/@img/sharp-libvips-darwin-x64
84 silly reify mark deleted [
84 silly reify   '/Users/theonesysetem/StudioProjects/invitation/node_modules/@img/sharp-libvips-darwin-x64'
84 silly reify ]
85 verbose reify failed optional dependency /Users/theonesysetem/StudioProjects/invitation/node_modules/@img/sharp-darwin-x64
86 silly reify mark deleted [
86 silly reify   '/Users/theonesysetem/StudioProjects/invitation/node_modules/@img/sharp-darwin-x64'
86 silly reify ]
87 http cache @fontsource/manrope@https://registry.npmjs.org/@fontsource/manrope/-/manrope-5.3.0.tgz 0ms (cache hit)
88 http cache @fontsource/cormorant-garamond@https://registry.npmjs.org/@fontsource/cormorant-garamond/-/cormorant-garamond-5.3.0.tgz 0ms (cache hit)
89 http cache fsevents@https://registry.npmjs.org/fsevents/-/fsevents-2.3.3.tgz 0ms (cache hit)
90 http cache @emnapi/runtime@https://registry.npmjs.org/@emnapi/runtime/-/runtime-1.11.3.tgz 0ms (cache hit)
91 silly tarball no local data for @fontsource/manrope@https://registry.npmjs.org/@fontsource/manrope/-/manrope-5.3.0.tgz. Extracting by manifest.
92 silly tarball no local data for @fontsource/cormorant-garamond@https://registry.npmjs.org/@fontsource/cormorant-garamond/-/cormorant-garamond-5.3.0.tgz. Extracting by manifest.
93 http fetch POST 200 https://registry.npmjs.org/-/npm/v1/security/advisories/bulk 403ms
94 silly audit report {
94 silly audit report   jspdf: [
94 silly audit report     {
94 silly audit report       id: 1112264,
94 silly audit report       url: 'https://github.com/advisories/GHSA-f8cm-6447-x5h2',
94 silly audit report       title: 'jsPDF has Local File Inclusion/Path Traversal vulnerability',
94 silly audit report       severity: 'critical',
94 silly audit report       vulnerable_versions: '<=3.0.4',
94 silly audit report       cwe: [Array],
94 silly audit report       cvss: [Object]
94 silly audit report     },
94 silly audit report     {
94 silly audit report       id: 1112801,
94 silly audit report       url: 'https://github.com/advisories/GHSA-pqxr-3g65-p328',
94 silly audit report       title: 'jsPDF has PDF Injection in AcroFormChoiceField that allows Arbitrary JavaScript Execution',
94 silly audit report       severity: 'high',
94 silly audit report       vulnerable_versions: '<=4.0.0',
94 silly audit report       cwe: [Array],
94 silly audit report       cvss: [Object]
94 silly audit report     },
94 silly audit report     {
94 silly audit report       id: 1112802,
94 silly audit report       url: 'https://github.com/advisories/GHSA-95fx-jjr5-f39c',
94 silly audit report       title: 'jsPDF Vulnerable to Denial of Service (DoS) via Unvalidated BMP Dimensions in BMPDecoder',
94 silly audit report       severity: 'high',
94 silly audit report       vulnerable_versions: '<=4.0.0',
94 silly audit report       cwe: [Array],
94 silly audit report       cvss: [Object]
94 silly audit report     },
94 silly audit report     {
94 silly audit report       id: 1112803,
94 silly audit report       url: 'https://github.com/advisories/GHSA-vm32-vv63-w422',
94 silly audit report       title: 'jsPDF Vulnerable to Stored XMP Metadata Injection (Spoofing & Integrity Violation)',
94 silly audit report       severity: 'moderate',
94 silly audit report       vulnerable_versions: '<=4.0.0',
94 silly audit report       cwe: [Array],
94 silly audit report       cvss: [Object]
94 silly audit report     },
94 silly audit report     {
94 silly audit report       id: 1112804,
94 silly audit report       url: 'https://github.com/advisories/GHSA-cjw8-79x6-5cj4',
94 silly audit report       title: 'jsPDF has Shared State Race Condition in addJS Plugin',
94 silly audit report       severity: 'moderate',
94 silly audit report       vulnerable_versions: '<=4.0.0',
94 silly audit report       cwe: [Array],
94 silly audit report       cvss: [Object]
94 silly audit report     },
94 silly audit report     {
94 silly audit report       id: 1113310,
94 silly audit report       url: 'https://github.com/advisories/GHSA-9vjf-qc39-jprp',
94 silly audit report       title: 'jsPDF has a PDF Object Injection via Unsanitized Input in addJS Method',
94 silly audit report       severity: 'high',
94 silly audit report       vulnerable_versions: '<4.2.0',
94 silly audit report       cwe: [Array],
94 silly audit report       cvss: [Object]
94 silly audit report     },
94 silly audit report     {
94 silly audit report       id: 1113324,
94 silly audit report       url: 'https://github.com/advisories/GHSA-67pg-wm7f-q7fj',
94 silly audit report       title: 'jsPDF Affected by Client-Side/Server-Side Denial of Service via Malicious GIF Dimensions',
94 silly audit report       severity: 'high',
94 silly audit report       vulnerable_versions: '<4.2.0',
94 silly audit report       cwe: [Array],
94 silly audit report       cvss: [Object]
94 silly audit report     },
94 silly audit report     {
94 silly audit report       id: 1114396,
94 silly audit report       url: 'https://github.com/advisories/GHSA-p5xg-68wr-hm3m',
94 silly audit report       title: 'jsPDF has a PDF Injection in AcroForm module allows Arbitrary JavaScript Execution (RadioButton.createOption and "AS" property)',
94 silly audit report       severity: 'high',
94 silly audit report       vulnerable_versions: '<4.2.0',
94 silly audit report       cwe: [Array],
94 silly audit report       cvss: [Object]
94 silly audit report     },
94 silly audit report     {
94 silly audit report       id: 1114950,
94 silly audit report       url: 'https://github.com/advisories/GHSA-7x6v-j9x4-qf24',
94 silly audit report       title: 'jsPDF has a PDF Object Injection via FreeText color',
94 silly audit report       severity: 'high',
94 silly audit report       vulnerable_versions: '<=4.2.0',
94 silly audit report       cwe: [Array],
94 silly audit report       cvss: [Object]
94 silly audit report     },
94 silly audit report     {
94 silly audit report       id: 1114974,
94 silly audit report       url: 'https://github.com/advisories/GHSA-wfv2-pwc8-crg5',
94 silly audit report       title: 'jsPDF has HTML Injection in New Window paths',
94 silly audit report       severity: 'critical',
94 silly audit report       vulnerable_versions: '<=4.2.0',
94 silly audit report       cwe: [Array],
94 silly audit report       cvss: [Object]
94 silly audit report     }
94 silly audit report   ],
94 silly audit report   postcss: [
94 silly audit report     {
94 silly audit report       id: 1117015,
94 silly audit report       url: 'https://github.com/advisories/GHSA-qx2v-qp2m-jg93',
94 silly audit report       title: 'PostCSS has XSS via Unescaped </style> in its CSS Stringify Output',
94 silly audit report       severity: 'moderate',
94 silly audit report       vulnerable_versions: '<8.5.10',
94 silly audit report       cwe: [Array],
94 silly audit report       cvss: [Object]
94 silly audit report     },
94 silly audit report     {
94 silly audit report       id: 1124252,
94 silly audit report       url: 'https://github.com/advisories/GHSA-6g55-p6wh-862q',
94 silly audit report       title: 'PostCSS: Arbitrary file read and information disclosure via attacker-controlled sourceMappingURL in CSS comments',
94 silly audit report       severity: 'high',
94 silly audit report       vulnerable_versions: '<=8.5.11',
94 silly audit report       cwe: [Array],
94 silly audit report       cvss: [Object]
94 silly audit report     },
94 silly audit report     {
94 silly audit report       id: 1124288,
94 silly audit report       url: 'https://github.com/advisories/GHSA-r28c-9q8g-f849',
94 silly audit report       title: 'PostCSS: Path Traversal in Previous Source Map Auto-Loading (sourceMappingURL) leads to Arbitrary .map File Disclosure',
94 silly audit report       severity: 'high',
94 silly audit report       vulnerable_versions: '<=8.5.17',
94 silly audit report       cwe: [Array],
94 silly audit report       cvss: [Object]
94 silly audit report     }
94 silly audit report   ],
94 silly audit report   sharp: [
94 silly audit report     {
94 silly audit report       id: 1124066,
94 silly audit report       url: 'https://github.com/advisories/GHSA-f88m-g3jw-g9cj',
94 silly audit report       title: 'sharp inherited vulnerabilities in libvips: CVE-2026-33327, CVE-2026-33328, CVE-2026-35590, CVE-2026-35591',
94 silly audit report       severity: 'high',
94 silly audit report       vulnerable_versions: '<0.35.0',
94 silly audit report       cwe: [Array],
94 silly audit report       cvss: [Object]
94 silly audit report     }
94 silly audit report   ]
94 silly audit report }
95 silly packumentCache corgi:https://registry.npmjs.org/jspdf cache-miss
96 silly packumentCache corgi:https://registry.npmjs.org/postcss cache-miss
97 silly packumentCache corgi:https://registry.npmjs.org/sharp cache-miss
98 http cache https://registry.npmjs.org/jspdf 35ms (cache hit)
99 silly packumentCache corgi:https://registry.npmjs.org/jspdf set size:68277 disposed:false
100 http cache https://registry.npmjs.org/postcss 36ms (cache hit)
101 silly packumentCache corgi:https://registry.npmjs.org/postcss set size:352693 disposed:false
102 http cache https://registry.npmjs.org/sharp 44ms (cache hit)
103 silly packumentCache corgi:https://registry.npmjs.org/sharp set size:291503 disposed:false
104 silly packumentCache corgi:https://registry.npmjs.org/next cache-miss
105 http cache https://registry.npmjs.org/next 71ms (cache hit)
106 silly packumentCache corgi:https://registry.npmjs.org/next set size:25398200 disposed:false
107 http fetch GET 200 https://registry.npmjs.org/@fontsource/manrope/-/manrope-5.3.0.tgz 1117ms (cache miss)
108 http fetch GET 200 https://registry.npmjs.org/@fontsource/cormorant-garamond/-/cormorant-garamond-5.3.0.tgz 1135ms (cache miss)
109 silly ADD node_modules/@fontsource/manrope
110 silly ADD node_modules/@fontsource/cormorant-garamond
111 silly ADD node_modules/fsevents
112 silly ADD
113 silly ADD
114 silly ADD
115 silly ADD
116 silly ADD
117 silly ADD
118 silly ADD
119 silly ADD
120 silly ADD
121 silly ADD
122 silly ADD
123 silly ADD
124 silly ADD
125 silly ADD
126 silly ADD
127 silly ADD
128 silly ADD
129 silly ADD
130 silly ADD
131 silly ADD
132 silly ADD
133 silly ADD
134 silly ADD
135 silly ADD
136 silly ADD
137 silly ADD
138 silly ADD
139 silly ADD
140 silly ADD
141 silly ADD
142 verbose cwd /Users/theonesysetem/StudioProjects/invitation
143 verbose os Darwin 25.5.0
144 verbose node v23.11.0
145 verbose npm  v10.9.2
146 verbose exit 0
147 info ok
